[1] "2021-09-11 20:58:56 BST"
